<html>
<body>
<pre>
<h1>µVision Build Log</h1>
<h2>Tool Versions:</h2>
IDE-Version: µVision V5.38.0.0
Copyright (C) 2022 ARM Ltd and ARM Germany GmbH. All rights reserved.
License Information: Dragos Buhnila Politecnico di Torino Flex license: MDK Professional 5.38 (Flex) (mdk_pro) Operation stops: 10 Mar 2024
 
Tool Versions:
Toolchain:       MDK Professional 5.38 (Flex)  Version: 5.38.0.0
Toolchain Path:  C:\Keil_v5\ARM\ARM_Compiler_5.06u7\Bin
C Compiler:      Armcc.exe V5.06 update 7 (build 960)
Assembler:       Armasm.exe V5.06 update 7 (build 960)
Linker/Locator:  ArmLink.exe V5.06 update 7 (build 960)
Library Manager: ArmAr.exe V5.06 update 7 (build 960)
Hex Converter:   FromElf.exe V5.06 update 7 (build 960)
CPU DLL:         SARMCM3.DLL V5.38.0.0
Dialog DLL:      DARMP1.DLL V1.28.1.0
Target DLL:      UL2CM3.DLL V1.164.8.0
Dialog DLL:      TARMP1.DLL V1.27.1.0
 
<h2>Project:</h2>
C:\Users\Dragos\Roba\Lectures\YM1.1\Architetture\Labs\Lab10 - Extra Point 1\extrapoint1_emulator_riparato\sample.uvprojx
Project File Date:  01/18/2024

<h2>Output:</h2>
*** Using Compiler 'V5.06 update 7 (build 960)', folder: 'C:\Keil_v5\ARM\ARM_Compiler_5.06u7\Bin'
Rebuild target 'Target 1'
compiling TouchPanel.c...
compiling QuoridorLib.c...
QuoridorLib.c(87): warning:  #167-D: argument of type "char *" is incompatible with parameter of type "uint8_t *"
  	GUI_Text(8, 280, walls1, White, Black);
QuoridorLib.c(95): warning:  #167-D: argument of type "char *" is incompatible with parameter of type "uint8_t *"
  	GUI_Text(168, 280, walls2, White, Black);
QuoridorLib.c(102): warning:  #167-D: argument of type "char *" is incompatible with parameter of type "uint8_t *"
  	GUI_Text(92, 255, turnWhoose, White, Black);	
QuoridorLib.c(110): warning:  #167-D: argument of type "char *" is incompatible with parameter of type "uint8_t *"
  	GUI_Text(105, 280, remtime, White, Black);	
QuoridorLib.c: 4 warnings, 0 errors
assembling startup_LPC17xx.s...
compiling AsciiLib.c...
compiling lib_timer.c...
compiling sample.c...
compiling IRQ_timer.c...
compiling core_cm3.c...
compiling system_LPC17xx.c...
compiling IRQ_RIT.c...
compiling gameGraphics.c...
gameGraphics.c(197): warning:  #167-D: argument of type "char *" is incompatible with parameter of type "uint8_t *"
  	GUI_Text(34*2, 34*4, win_msg, Black, Yellow);
gameGraphics.c: 1 warning, 0 errors
compiling lib_RIT.c...
compiling lib_joystick.c...
compiling lib_button.c...
compiling IRQ_button.c...
compiling HzLib.c...
compiling GLCD.c...
linking...
Program Size: Code=29118 RO-data=1790 RW-data=60 ZI-data=1060  
".\sample.axf" - 0 Error(s), 5 Warning(s).

<h2>Software Packages used:</h2>

Package Vendor: ARM
                http://www.keil.com/pack/ARM.CMSIS.5.9.0.pack
                ARM.CMSIS.5.9.0
                CMSIS (Common Microcontroller Software Interface Standard)
   * Component: CORE Version: 5.6.0

Package Vendor: Keil
                http://www.keil.com/pack/Keil.LPC1700_DFP.2.7.1.pack
                Keil.LPC1700_DFP.2.7.1
                NXP LPC1700 Series Device Support, Drivers and Examples for MCB1700 and LPC1788-32

<h2>Collection of Component include folders:</h2>
  ./RTE/_Target_1
  C:/Users/Dragos/AppData/Local/Arm/Packs/ARM/CMSIS/5.9.0/CMSIS/Core/Include
  C:/Users/Dragos/AppData/Local/Arm/Packs/Keil/LPC1700_DFP/2.7.1/Device/Include

<h2>Collection of Component Files used:</h2>

   * Component: ARM::CMSIS:CORE:5.6.0
Build Time Elapsed:  00:00:02
</pre>
</body>
</html>
